---
title: 第20章【高级篇】用户、权限、角色管理
date: 2022-12-15 16:46:29
permalink: /pages/963350/
categories:
  - 数据库
  - mysql数据库
  - mysql尚硅谷宋红康
tags:
  - 
author: 
  name: ~chao
  link: https://github.com/chaos1973/chaos_front
---

### 【宋红康 MySQL数据库 】【高级篇】【04】用户、权限、角色管理

> 用户权限坚持`最小分配`原则

![在这里插入图片描述](https://img-blog.csdnimg.cn/c136ac1c317344f8a1e0ad79b06e5fa4.png)

#### [登录MySQL](https://so.csdn.net/so/search?q=%E7%99%BB%E5%BD%95MySQL&spm=1001.2101.3001.7020)服务器

![在这里插入图片描述](https://img-blog.csdnimg.cn/b9e537bcc15e4331b718be41b1fe73fd.png)

```powershell
[root@mysql8_01 mysql]# mysql -h localhost -P 3306 -u root -p  dbtest01 -e "select * from emp01"
Enter password: 
+------+-----------+
| id   | name      |
+------+-----------+
|   10 | Tom       |
|   12 | 数据库    |
+------+-----------+
[root@mysql8_01 mysql]# 

```

#### 创建用户

![在这里插入图片描述](https://img-blog.csdnimg.cn/9c7d51d890c943608f77ac65ed188a3c.png)  
![在这里插入图片描述](https://img-blog.csdnimg.cn/11b4f5fda7554da7b97c225c2f53e39d.png)

```powershell
mysql> SHOW DATABASES;
+--------------------+
| Database           |
+--------------------+
| dbtest01           |
| information_schema |
| mysql              |
| performance_schema |
| sys                |
+--------------------+
5 rows in set (0.00 sec)

mysql> USE mysql;
Database changed
mysql> SELECT host, user FROM user;
+-----------+------------------+
| host      | user             |
+-----------+------------------+
| %         | root             |
| localhost | mysql.infoschema |
| localhost | mysql.session    |
| localhost | mysql.sys        |
+-----------+------------------+
4 rows in set (0.00 sec)

mysql> CREATE USER 'zhang3' IDENTIFIED BY '$ABC_123';
ERROR 1819 (HY000): Your password does not satisfy the current policy requirements
mysql> CREATE USER 'zhang3' IDENTIFIED BY '$ABC_abc_123';
Query OK, 0 rows affected (0.01 sec)

mysql> SELECT host, user FROM user;
+-----------+------------------+
| host      | user             |
+-----------+------------------+
| %         | root             |
| %         | zhang3           |
| localhost | mysql.infoschema |
| localhost | mysql.session    |
| localhost | mysql.sys        |
+-----------+------------------+
5 rows in set (0.00 sec)

mysql> CREATE USER 'zhang3' IDENTIFIED BY '$ABC_abc_123';
ERROR 1396 (HY000): Operation CREATE USER failed for 'zhang3'@'%'
mysql> CREATE USER 'zhang3'@'localhost' IDENTIFIED BY '$ABC_abc_123';
Query OK, 0 rows affected (0.01 sec)

mysql> SELECT host, user FROM user;
+-----------+------------------+
| host      | user             |
+-----------+------------------+
| %         | root             |
| %         | zhang3           |
| localhost | mysql.infoschema |
| localhost | mysql.session    |
| localhost | mysql.sys        |
| localhost | zhang3           |
+-----------+------------------+
6 rows in set (0.00 sec)

mysql> CREATE USER 'li4'@'%' IDENTIFIED BY '$ABC_abc_123';
Query OK, 0 rows affected (0.01 sec)

mysql> SELECT host, user FROM user;
+-----------+------------------+
| host      | user             |
+-----------+------------------+
| %         | li4              |
| %         | root             |
| %         | zhang3           |
| localhost | mysql.infoschema |
| localhost | mysql.session    |
| localhost | mysql.sys        |
| localhost | zhang3           |
+-----------+------------------+
7 rows in set (0.00 sec)

mysql> 
```

登录li4账号：

```powershell
[root@mysql8_01 mysql]# mysql -u li4 -p
Enter password: 
Welcome to the MySQL monitor.  Commands end with ; or \g.
Your MySQL connection id is 19
Server version: 8.0.25 MySQL Community Server - GPL

Copyright (c) 2000, 2021, Oracle and/or its affiliates.

Oracle is a registered trademark of Oracle Corporation and/or its
affiliates. Other names may be trademarks of their respective
owners.

Type 'help;' or '\h' for help. Type '\c' to clear the current input statement.

mysql> SHOW DATABASES;
+--------------------+
| Database           |
+--------------------+
| information_schema |
+--------------------+
1 row in set (0.00 sec)

mysql> SHOW GRANTS;
+---------------------------------+
| Grants for li4@%                |
+---------------------------------+
| GRANT USAGE ON *.* TO `li4`@`%` |
+---------------------------------+
1 row in set (0.00 sec)

mysql> 

```

#### 修改用户

> 直接操作mysql.user这张表就行

![在这里插入图片描述](https://img-blog.csdnimg.cn/9e80b1a8fb5b48c19fea2103cdca07b8.png)

```powershell
mysql> USE mysql;
Database changed
mysql> UPDATE user SET user='zs' WHERE host='%' AND user='zhang3';
Query OK, 1 row affected (0.00 sec)
Rows matched: 1  Changed: 1  Warnings: 0

mysql> SELECT host, user FROM user;
+-----------+------------------+
| host      | user             |
+-----------+------------------+
| %         | li4              |
| %         | root             |
| %         | zs               |
| localhost | mysql.infoschema |
| localhost | mysql.session    |
| localhost | mysql.sys        |
| localhost | zhang3           |
+-----------+------------------+
7 rows in set (0.00 sec)

mysql> FLUSH PRIVILEGES;
Query OK, 0 rows affected (0.00 sec)

mysql> 

```

#### 删除用户

![在这里插入图片描述](https://img-blog.csdnimg.cn/5c8f1cc57fb54036a15070ffc93e6c60.png)

![在这里插入图片描述](https://img-blog.csdnimg.cn/619771cb027143c9b7befdd1b5189fc5.png)

![在这里插入图片描述](https://img-blog.csdnimg.cn/035ae02b90544d79a38f14f4cc234eb0.png)

## 权限管理

![在这里插入图片描述](https://img-blog.csdnimg.cn/ac29cfa8b1d84747b311dbcd1450e799.png)

#### 权限列表

```powershell
SHOW PRIVILEGES;
```

![在这里插入图片描述](https://img-blog.csdnimg.cn/d5b3b42472d24ee9999c6a3e1416be13.png)

![在这里插入图片描述](https://img-blog.csdnimg.cn/110093fbd3c143f5b6e30b2418a93182.png)

![在这里插入图片描述](https://img-blog.csdnimg.cn/1b15c0f24f8e429988fb6f3f1fabf85f.png)

![在这里插入图片描述](https://img-blog.csdnimg.cn/6d11c375f8bc4c6d940e82d5a6ab978c.png)

#### 授予权限的原则

![在这里插入图片描述](https://img-blog.csdnimg.cn/775e30b305e8463ebea7134a5b1fd8a5.png)

#### 授予权限

```powershell
GRANT INSERT ON dbtest01.emp01 TO 'li4'@'%';

GRANT UPDATE, SELECT ON dbtest01.* TO 'li4'@'%';

GRANT ALL PRIVILEGES ON *.* TO 'li4'@'%'; # 拥有除过授予其他用户权限（grant权限）的所有权限

GRANT ALL PRIVILEGES ON *.* TO 'li4'@'%' WITH GRANT OPTION; # 拥有所有权限，会失控，最好不要使用
```

![在这里插入图片描述](https://img-blog.csdnimg.cn/c0be1e4e18634f32800ce118e72d5669.png)

![在这里插入图片描述](https://img-blog.csdnimg.cn/a667c85b52c3432cb925d3ddd784421b.png)

![在这里插入图片描述](https://img-blog.csdnimg.cn/8ea665556dd64670bb9f25a22226b3cf.png)

![在这里插入图片描述](https://img-blog.csdnimg.cn/61c8a1d9e4194921876c26ece03c8a88.png)

#### 查看权限

![在这里插入图片描述](https://img-blog.csdnimg.cn/2ee09fc602bb420e9fb4c56888442143.png)

#### 收回权限

```powershell
REVOKE ALL PRIVILEGES ON *.* FROM 'zs'@'%';
```

![在这里插入图片描述](https://img-blog.csdnimg.cn/fef0a97e2432440ba1b8033c2432f310.png)

#### 小总结

![在这里插入图片描述](https://img-blog.csdnimg.cn/7bf4a669f177466aa5d1876612cacb95.png)

## 权限表

![在这里插入图片描述](https://img-blog.csdnimg.cn/49dd6badb0144963b1b851212050a333.png)

```powershell
使用
use mysql;show tables;
查看
```

![在这里插入图片描述](https://img-blog.csdnimg.cn/d335faaebc4648648befdc7f194a9659.png)

![在这里插入图片描述](https://img-blog.csdnimg.cn/f9584c6c54b3420fa58feb348669e13c.png)

![在这里插入图片描述](https://img-blog.csdnimg.cn/061c59cad999430789ece997c1a811d4.png)

```powershell
使用：
desc mysql.user;
查看
```

![在这里插入图片描述](https://img-blog.csdnimg.cn/63a7eab0b3044e61a25e4a684c665e4d.png)

![在这里插入图片描述](https://img-blog.csdnimg.cn/f539d7ecbe4249c187839dbd2d5cbc25.png)

![在这里插入图片描述](https://img-blog.csdnimg.cn/55c539245b5e42f28755fd9e116a73b2.png)

![在这里插入图片描述](https://img-blog.csdnimg.cn/25031773c93e423fa363338fc8043362.png)

![在这里插入图片描述](https://img-blog.csdnimg.cn/cd18b3c08fd24fc29083c7d54880b045.png)

```powershell
DESCRIBE mysql.db;
```

![在这里插入图片描述](https://img-blog.csdnimg.cn/ccfa5878d2114818a5e01cbf18515e41.png)

![在这里插入图片描述](https://img-blog.csdnimg.cn/e974b3f7c99c46a8994341345aca5120.png)

```powershell
desc mysql.tables_priv;
```

![在这里插入图片描述](https://img-blog.csdnimg.cn/125e9e59bce14cfda0511ea196b6a9cb.png)

```powershell
desc mysql.columns_priv;
```

![在这里插入图片描述](https://img-blog.csdnimg.cn/12ede65d77ef445d8fa1427c21d3b8fe.png)

```powershell
desc mysql.procs_priv;
```

![在这里插入图片描述](https://img-blog.csdnimg.cn/d3f3f33c4fca4c21a7daaee34a1a25bf.png)

-

```powershell
mysql> use mysql
mysql> show tables;
+------------------------------------------------------+
| Tables_in_mysql                                      |
+------------------------------------------------------+
| columns_priv                                         |
| component                                            |
| db                                                   |
| default_roles                                        |
| engine_cost                                          |
| func                                                 |
| general_log                                          |
| global_grants                                        |
| gtid_executed                                        |
| help_category                                        |
| help_keyword                                         |
| help_relation                                        |
| help_topic                                           |
| innodb_index_stats                                   |
| innodb_table_stats                                   |
| password_history                                     |
| plugin                                               |
| procs_priv                                           |
| proxies_priv                                         |
| replication_asynchronous_connection_failover         |
| replication_asynchronous_connection_failover_managed |
| role_edges                                           |
| server_cost                                          |
| servers                                              |
| slave_master_info                                    |
| slave_relay_log_info                                 |
| slave_worker_info                                    |
| slow_log                                             |
| tables_priv                                          |
| time_zone                                            |
| time_zone_leap_second                                |
| time_zone_name                                       |
| time_zone_transition                                 |
| time_zone_transition_type                            |
| user                                                 |
+------------------------------------------------------+
35 rows in set (0.00 sec)

mysql> desc user;
+--------------------------+-----------------------------------+------+-----+-----------------------+-------+
| Field                    | Type                              | Null | Key | Default               | Extra |
+--------------------------+-----------------------------------+------+-----+-----------------------+-------+
| Host                     | char(255)                         | NO   | PRI |                       |       |
| User                     | char(32)                          | NO   | PRI |                       |       |
| Select_priv              | enum('N','Y')                     | NO   |     | N                     |       |
| Insert_priv              | enum('N','Y')                     | NO   |     | N                     |       |
| Update_priv              | enum('N','Y')                     | NO   |     | N                     |       |
| Delete_priv              | enum('N','Y')                     | NO   |     | N                     |       |
| Create_priv              | enum('N','Y')                     | NO   |     | N                     |       |
| Drop_priv                | enum('N','Y')                     | NO   |     | N                     |       |
| Reload_priv              | enum('N','Y')                     | NO   |     | N                     |       |
| Shutdown_priv            | enum('N','Y')                     | NO   |     | N                     |       |
| Process_priv             | enum('N','Y')                     | NO   |     | N                     |       |
| File_priv                | enum('N','Y')                     | NO   |     | N                     |       |
| Grant_priv               | enum('N','Y')                     | NO   |     | N                     |       |
| References_priv          | enum('N','Y')                     | NO   |     | N                     |       |
| Index_priv               | enum('N','Y')                     | NO   |     | N                     |       |
| Alter_priv               | enum('N','Y')                     | NO   |     | N                     |       |
| Show_db_priv             | enum('N','Y')                     | NO   |     | N                     |       |
| Super_priv               | enum('N','Y')                     | NO   |     | N                     |       |
| Create_tmp_table_priv    | enum('N','Y')                     | NO   |     | N                     |       |
| Lock_tables_priv         | enum('N','Y')                     | NO   |     | N                     |       |
| Execute_priv             | enum('N','Y')                     | NO   |     | N                     |       |
| Repl_slave_priv          | enum('N','Y')                     | NO   |     | N                     |       |
| Repl_client_priv         | enum('N','Y')                     | NO   |     | N                     |       |
| Create_view_priv         | enum('N','Y')                     | NO   |     | N                     |       |
| Show_view_priv           | enum('N','Y')                     | NO   |     | N                     |       |
| Create_routine_priv      | enum('N','Y')                     | NO   |     | N                     |       |
| Alter_routine_priv       | enum('N','Y')                     | NO   |     | N                     |       |
| Create_user_priv         | enum('N','Y')                     | NO   |     | N                     |       |
| Event_priv               | enum('N','Y')                     | NO   |     | N                     |       |
| Trigger_priv             | enum('N','Y')                     | NO   |     | N                     |       |
| Create_tablespace_priv   | enum('N','Y')                     | NO   |     | N                     |       |
| ssl_type                 | enum('','ANY','X509','SPECIFIED') | NO   |     |                       |       |
| ssl_cipher               | blob                              | NO   |     | NULL                  |       |
| x509_issuer              | blob                              | NO   |     | NULL                  |       |
| x509_subject             | blob                              | NO   |     | NULL                  |       |
| max_questions            | int unsigned                      | NO   |     | 0                     |       |
| max_updates              | int unsigned                      | NO   |     | 0                     |       |
| max_connections          | int unsigned                      | NO   |     | 0                     |       |
| max_user_connections     | int unsigned                      | NO   |     | 0                     |       |
| plugin                   | char(64)                          | NO   |     | caching_sha2_password |       |
| authentication_string    | text                              | YES  |     | NULL                  |       |
| password_expired         | enum('N','Y')                     | NO   |     | N                     |       |
| password_last_changed    | timestamp                         | YES  |     | NULL                  |       |
| password_lifetime        | smallint unsigned                 | YES  |     | NULL                  |       |
| account_locked           | enum('N','Y')                     | NO   |     | N                     |       |
| Create_role_priv         | enum('N','Y')                     | NO   |     | N                     |       |
| Drop_role_priv           | enum('N','Y')                     | NO   |     | N                     |       |
| Password_reuse_history   | smallint unsigned                 | YES  |     | NULL                  |       |
| Password_reuse_time      | smallint unsigned                 | YES  |     | NULL                  |       |
| Password_require_current | enum('N','Y')                     | YES  |     | NULL                  |       |
| User_attributes          | json                              | YES  |     | NULL                  |       |
+--------------------------+-----------------------------------+------+-----+-----------------------+-------+
51 rows in set (0.01 sec)

mysql> desc db;
+-----------------------+---------------+------+-----+---------+-------+
| Field                 | Type          | Null | Key | Default | Extra |
+-----------------------+---------------+------+-----+---------+-------+
| Host                  | char(255)     | NO   | PRI |         |       |
| Db                    | char(64)      | NO   | PRI |         |       |
| User                  | char(32)      | NO   | PRI |         |       |
| Select_priv           | enum('N','Y') | NO   |     | N       |       |
| Insert_priv           | enum('N','Y') | NO   |     | N       |       |
| Update_priv           | enum('N','Y') | NO   |     | N       |       |
| Delete_priv           | enum('N','Y') | NO   |     | N       |       |
| Create_priv           | enum('N','Y') | NO   |     | N       |       |
| Drop_priv             | enum('N','Y') | NO   |     | N       |       |
| Grant_priv            | enum('N','Y') | NO   |     | N       |       |
| References_priv       | enum('N','Y') | NO   |     | N       |       |
| Index_priv            | enum('N','Y') | NO   |     | N       |       |
| Alter_priv            | enum('N','Y') | NO   |     | N       |       |
| Create_tmp_table_priv | enum('N','Y') | NO   |     | N       |       |
| Lock_tables_priv      | enum('N','Y') | NO   |     | N       |       |
| Create_view_priv      | enum('N','Y') | NO   |     | N       |       |
| Show_view_priv        | enum('N','Y') | NO   |     | N       |       |
| Create_routine_priv   | enum('N','Y') | NO   |     | N       |       |
| Alter_routine_priv    | enum('N','Y') | NO   |     | N       |       |
| Execute_priv          | enum('N','Y') | NO   |     | N       |       |
| Event_priv            | enum('N','Y') | NO   |     | N       |       |
| Trigger_priv          | enum('N','Y') | NO   |     | N       |       |
+-----------------------+---------------+------+-----+---------+-------+
22 rows in set (0.00 sec)

mysql> desc tables_priv;
+-------------+-----------------------------------------------------------------------------------------------------------------------------------+------+-----+-------------------+-----------------------------------------------+
| Field       | Type                                                                                                                              | Null | Key | Default           | Extra                                         |
+-------------+-----------------------------------------------------------------------------------------------------------------------------------+------+-----+-------------------+-----------------------------------------------+
| Host        | char(255)                                                                                                                         | NO   | PRI |                   |                                               |
| Db          | char(64)                                                                                                                          | NO   | PRI |                   |                                               |
| User        | char(32)                                                                                                                          | NO   | PRI |                   |                                               |
| Table_name  | char(64)                                                                                                                          | NO   | PRI |                   |                                               |
| Grantor     | varchar(288)                                                                                                                      | NO   | MUL |                   |                                               |
| Timestamp   | timestamp                                                                                                                         | NO   |     | CURRENT_TIMESTAMP | DEFAULT_GENERATED on update CURRENT_TIMESTAMP |
| Table_priv  | set('Select','Insert','Update','Delete','Create','Drop','Grant','References','Index','Alter','Create View','Show view','Trigger') | NO   |     |                   |                                               |
| Column_priv | set('Select','Insert','Update','References')                                                                                      | NO   |     |                   |                                               |
+-------------+-----------------------------------------------------------------------------------------------------------------------------------+------+-----+-------------------+-----------------------------------------------+
8 rows in set (0.00 sec)

mysql> desc mysql.columns_priv;
+-------------+----------------------------------------------+------+-----+-------------------+-----------------------------------------------+
| Field       | Type                                         | Null | Key | Default           | Extra                                         |
+-------------+----------------------------------------------+------+-----+-------------------+-----------------------------------------------+
| Host        | char(255)                                    | NO   | PRI |                   |                                               |
| Db          | char(64)                                     | NO   | PRI |                   |                                               |
| User        | char(32)                                     | NO   | PRI |                   |                                               |
| Table_name  | char(64)                                     | NO   | PRI |                   |                                               |
| Column_name | char(64)                                     | NO   | PRI |                   |                                               |
| Timestamp   | timestamp                                    | NO   |     | CURRENT_TIMESTAMP | DEFAULT_GENERATED on update CURRENT_TIMESTAMP |
| Column_priv | set('Select','Insert','Update','References') | NO   |     |                   |                                               |
+-------------+----------------------------------------------+------+-----+-------------------+-----------------------------------------------+
7 rows in set (0.00 sec)

mysql> desc mysql.procs_priv;
+--------------+----------------------------------------+------+-----+-------------------+-----------------------------------------------+
| Field        | Type                                   | Null | Key | Default           | Extra                                         |
+--------------+----------------------------------------+------+-----+-------------------+-----------------------------------------------+
| Host         | char(255)                              | NO   | PRI |                   |                                               |
| Db           | char(64)                               | NO   | PRI |                   |                                               |
| User         | char(32)                               | NO   | PRI |                   |                                               |
| Routine_name | char(64)                               | NO   | PRI |                   |                                               |
| Routine_type | enum('FUNCTION','PROCEDURE')           | NO   | PRI | NULL              |                                               |
| Grantor      | varchar(288)                           | NO   | MUL |                   |                                               |
| Proc_priv    | set('Execute','Alter Routine','Grant') | NO   |     |                   |                                               |
| Timestamp    | timestamp                              | NO   |     | CURRENT_TIMESTAMP | DEFAULT_GENERATED on update CURRENT_TIMESTAMP |
+--------------+----------------------------------------+------+-----+-------------------+-----------------------------------------------+
8 rows in set (0.01 sec)

mysql> 

```

## 访问控制

![在这里插入图片描述](https://img-blog.csdnimg.cn/1936ba8d0ff24fa7a632e698f2055207.png)

![在这里插入图片描述](https://img-blog.csdnimg.cn/58436c0437954af8b02fd847d995b1ef.png)

## 角色管理

#### 角色的理解

![在这里插入图片描述](https://img-blog.csdnimg.cn/6d7e02739d72491dab0c9f77dd31155c.png)

#### 创建角色

![在这里插入图片描述](https://img-blog.csdnimg.cn/2207836e11244a56a91e42e9c79c1a15.png)

![在这里插入图片描述](https://img-blog.csdnimg.cn/3aef9d58fe9740ff85f5dc4fc4ac7621.png)

```powershell
CREATE ROLE 'manager';

create role 'manager', 'boss'@'%';
```

#### 给角色赋予权限

![在这里插入图片描述](https://img-blog.csdnimg.cn/a7a2f8cd02544b498f2c6e4626d6a28d.png)

```powershell
GRANT SELECT ON dbtest01.* TO 'boss'@'%';
GRANT ALL PRIVILEGES ON *.* TO 'boss';
```

```powershell
SHOW PRIVILEGES\G;
```

![在这里插入图片描述](https://img-blog.csdnimg.cn/194c64581a9f4b16a2cbcbb6f77637a9.png)

![在这里插入图片描述](https://img-blog.csdnimg.cn/d9f8e6602bdb4ec187e91ee51b37c95f.png)

![在这里插入图片描述](https://img-blog.csdnimg.cn/fe11dae44e324b5aad74cc398cd349bf.png)

#### 查看角色的权限

```powershell
SHOW GRANTS FOR 'boss'@'%';
```

![在这里插入图片描述](https://img-blog.csdnimg.cn/3303f2367b7a4d96975177727335f428.png)

![在这里插入图片描述](https://img-blog.csdnimg.cn/937ce67213d94ea894e63d72ab410248.png)

#### 回收角色的权限

```powershell
REVOKE SELECT ON dbtest01.emp01 FROM 'manager'@'%';
```

![在这里插入图片描述](https://img-blog.csdnimg.cn/3f7cdcf3ae53461d95205b57c0729de4.png)  
![在这里插入图片描述](https://img-blog.csdnimg.cn/cf5ac6ac517d48a69e8df38baab45661.png)

#### 删除角色

```powershell
DROP ROLE 'boss';
```

![在这里插入图片描述](https://img-blog.csdnimg.cn/f612e4dc62d14e36bdfdf7aa860048e6.png)

#### 给用户赋予角色

```powershell
mysql> SELECT host, user FROM mysql.user;
+-----------+------------------+
| host      | user             |
+-----------+------------------+
| %         | boss             |
| %         | li4              |
| %         | manager          |
| %         | root             |
| %         | zs               |
| localhost | mysql.infoschema |
| localhost | mysql.session    |
| localhost | mysql.sys        |
+-----------+------------------+
8 rows in set (0.00 sec)

mysql> GRANT 'manager'@'%' TO 'zs'@'%';
Query OK, 0 rows affected (0.00 sec)

```

![在这里插入图片描述](https://img-blog.csdnimg.cn/fc73031c1c9647eca53a26e594c13809.png)

![在这里插入图片描述](https://img-blog.csdnimg.cn/091fbf3f3c5b452da084f276815b7ab2.png)

```powershell
mysql> SELECT CURRENT_ROLE();
+----------------+
| CURRENT_ROLE() |
+----------------+
| NONE           |
+----------------+
1 row in set (0.00 sec)

```

#### 激活角色

```powershell
SET DEFAULT ROLE 'manager'@'%' TO 'zs';
```

![在这里插入图片描述](https://img-blog.csdnimg.cn/75bb1c8fdf4c43db9e1796370299bc3d.png)

![在这里插入图片描述](https://img-blog.csdnimg.cn/5eee4ea4596142c0a137ecda6799ef1c.png)

```powershell
查看当前会话已激活的角色：
SELECT CURRENT_ROLE();
```

#### 撤销用户的角色

```powershell
REVOKE 'manager'@'%' FROM 'zs'@'%';
```

![在这里插入图片描述](https://img-blog.csdnimg.cn/1c2bb5b0b96b4b5ca5077f1e054cb99a.png)

![在这里插入图片描述](https://img-blog.csdnimg.cn/37c2bad0697b4424a5138bc6a9682fe7.png)

#### 设置强制角色（mandatory role）

![在这里插入图片描述](https://img-blog.csdnimg.cn/ba173774fcdf42afa150c1d8c827e493.png)

#### 小结

![在这里插入图片描述](https://img-blog.csdnimg.cn/98e293cf4988459d99d97cbf4df2654f.png)

## 